// Jest Snapshot v1, https://goo.gl/fbAQLP

exports[`Index page matches snapshot 1`] = `
<DocumentFragment>
  <amplify-container>
    <amplify-auth-container>
      <amplify-authenticator />
    </amplify-auth-container>
  </amplify-container>
</DocumentFragment>
`;
